{"version": 1, "execution": {"R_lite": [{"rank": "6-7", "children": {"core": "0,2,4,6,8,10,12,14,16,18,20,22,24,26,28,30,32,34"}}], "nodelist": ["node[6-7]"], "starttime": 0, "expiration": 7200}}
INFO: =============================
INFO: JOBID=1
INFO: RESOURCES=ALLOCATED
INFO: SCHEDULED AT=Now
INFO: =============================
{"version": 1, "execution": {"R_lite": [{"rank": "7", "children": {"core": "1,3,5,7,9,11,13,15,17,19,21,23,25,27,29,31,33,35"}}], "nodelist": ["node7"], "starttime": 0, "expiration": 7200}}
INFO: =============================
INFO: JOBID=2
INFO: RESOURCES=ALLOCATED
INFO: SCHEDULED AT=Now
INFO: =============================
{"version": 1, "execution": {"R_lite": [{"rank": "6", "children": {"core": "1,3,5,7,9,11,13,15,17,19,21,23,25,27,29,31,33,35"}}, {"rank": "5", "children": {"core": "32,34"}}], "nodelist": ["node[5-6]"], "starttime": 0, "expiration": 7200}}
INFO: =============================
INFO: JOBID=3
INFO: RESOURCES=ALLOCATED
INFO: SCHEDULED AT=Now
INFO: =============================
{"version": 1, "execution": {"R_lite": [{"rank": "5", "children": {"core": "0,2,4,6,8,10,12,14,16,19,21,23,25,27,29,31,33,35"}}], "nodelist": ["node5"], "starttime": 0, "expiration": 7200}}
INFO: =============================
INFO: JOBID=4
INFO: RESOURCES=ALLOCATED
INFO: SCHEDULED AT=Now
INFO: =============================
